2026-06-13T03:17:05.011Z  INFO 1 --- [main] com.structurizr.server.Local             : ***********************************************************************************
2026-06-13T03:17:05.014Z  INFO 1 --- [main] com.structurizr.server.Local             :   _____ _                   _              _          
2026-06-13T03:17:05.014Z  INFO 1 --- [main] com.structurizr.server.Local             :  / ____| |                 | |            (_)         
2026-06-13T03:17:05.014Z  INFO 1 --- [main] com.structurizr.server.Local             : | (___ | |_ _ __ _   _  ___| |_ _   _ _ __ _ _____ __ 
2026-06-13T03:17:05.014Z  INFO 1 --- [main] com.structurizr.server.Local             :  \___ \| __| '__| | | |/ __| __| | | | '__| |_  / '__|
2026-06-13T03:17:05.015Z  INFO 1 --- [main] com.structurizr.server.Local             :  ____) | |_| |  | |_| | (__| |_| |_| | |  | |/ /| |   
2026-06-13T03:17:05.015Z  INFO 1 --- [main] com.structurizr.server.Local             : |_____/ \__|_|   \__,_|\___|\__|\__,_|_|  |_/___|_|   
2026-06-13T03:17:05.015Z  INFO 1 --- [main] com.structurizr.server.Local             :                                                       
2026-06-13T03:17:05.015Z  INFO 1 --- [main] com.structurizr.server.Local             : Local v2026.05.22
2026-06-13T03:17:05.016Z  INFO 1 --- [main] com.structurizr.server.Local             : ***********************************************************************************
2026-06-13T03:17:05.016Z  INFO 1 --- [main] com.structurizr.server.Local             :  - structurizr.authentication: none
2026-06-13T03:17:05.016Z  INFO 1 --- [main] com.structurizr.server.Local             :  - structurizr.autorefreshinterval: 0
2026-06-13T03:17:05.016Z  INFO 1 --- [main] com.structurizr.server.Local             :  - structurizr.autosaveinterval: 5000
2026-06-13T03:17:05.017Z  INFO 1 --- [main] com.structurizr.server.Local             :  - structurizr.cache: none
2026-06-13T03:17:05.017Z  INFO 1 --- [main] com.structurizr.server.Local             :  - structurizr.data: file
2026-06-13T03:17:05.017Z  INFO 1 --- [main] com.structurizr.server.Local             :  - structurizr.datadirectory: /usr/local/structurizr
2026-06-13T03:17:05.017Z  INFO 1 --- [main] com.structurizr.server.Local             :  - structurizr.debug: false
2026-06-13T03:17:05.017Z  INFO 1 --- [main] com.structurizr.server.Local             :  - structurizr.editable: true
2026-06-13T03:17:05.017Z  INFO 1 --- [main] com.structurizr.server.Local             :  - structurizr.logging.filename: /usr/local/structurizr/.structurizr/logs/structurizr.log
2026-06-13T03:17:05.017Z  INFO 1 --- [main] com.structurizr.server.Local             :  - structurizr.network.timeout: 60000
2026-06-13T03:17:05.017Z  INFO 1 --- [main] com.structurizr.server.Local             :  - structurizr.network.urls.allowed: .*
2026-06-13T03:17:05.018Z  INFO 1 --- [main] com.structurizr.server.Local             :  - structurizr.search: lucene
2026-06-13T03:17:05.018Z  INFO 1 --- [main] com.structurizr.server.Local             :  - structurizr.themes: /usr/local/structurizr/themes/
2026-06-13T03:17:05.018Z  INFO 1 --- [main] com.structurizr.server.Local             :  - structurizr.workspace.maxsize: 1MB
2026-06-13T03:17:05.018Z  INFO 1 --- [main] com.structurizr.server.Local             :  - structurizr.workspace.threads: 10
2026-06-13T03:17:05.018Z  INFO 1 --- [main] com.structurizr.server.Local             :  - structurizr.workspaces: 1
2026-06-13T03:17:05.018Z  INFO 1 --- [main] com.structurizr.server.Local             : ***********************************************************************************
2026-06-13T03:17:05.018Z  INFO 1 --- [main] com.structurizr.server.Local             : Themes:
2026-06-13T03:17:05.019Z  INFO 1 --- [main] com.structurizr.server.Local             : ***********************************************************************************
2026-06-13T03:17:10.261Z  WARN 1 --- [pool-4-thread-1] c.s.server.web.search.SearchIndexer      : Error indexing workspace with ID 1

com.structurizr.server.component.workspace.WorkspaceComponentException: com.structurizr.dsl.StructurizrDslParserException: Unexpected tokens (expected: !docs, !decisions, group, component, description, technology, tags, url, properties, perspectives, ->) at line 45 of /usr/local/structurizr/workspace.dsl: database = containerDb "Oracle Autonomous DB" "Oracle ADB" "Stores users, projects, issues, sprints and KPI data."
	at com.structurizr.server.component.workspace.LocalFileSystemWorkspaceAdapter.loadWorkspace(LocalFileSystemWorkspaceAdapter.java:70) ~[!/:2026.05.22]
	at com.structurizr.server.component.workspace.LocalFileSystemWorkspaceAdapter.getWorkspace(LocalFileSystemWorkspaceAdapter.java:151) ~[!/:2026.05.22]
	at com.structurizr.server.component.workspace.WorkspaceComponentImpl.getWorkspace(WorkspaceComponentImpl.java:206) ~[!/:2026.05.22]
	at com.structurizr.server.web.search.SearchIndexer.lambda$rebuildSearchIndex$0(SearchIndexer.java:52) ~[!/:2026.05.22]
	at java.base/java.util.concurrent.Executors$RunnableAdapter.call(Unknown Source) ~[na:na]
	at java.base/java.util.concurrent.FutureTask.run(Unknown Source) ~[na:na]
	at java.base/java.util.concurrent.ThreadPoolExecutor.runWorker(Unknown Source) ~[na:na]
	at java.base/java.util.concurrent.ThreadPoolExecutor$Worker.run(Unknown Source) ~[na:na]
	at java.base/java.lang.Thread.run(Unknown Source) ~[na:na]
Caused by: com.structurizr.dsl.StructurizrDslParserException: Unexpected tokens (expected: !docs, !decisions, group, component, description, technology, tags, url, properties, perspectives, ->) at line 45 of /usr/local/structurizr/workspace.dsl: database = containerDb "Oracle Autonomous DB" "Oracle ADB" "Stores users, projects, issues, sprints and KPI data."
	at com.structurizr.dsl.StructurizrDslParser.parse(StructurizrDslParser.java:1369) ~[structurizr-dsl-6.2.1.jar!/:6.2.1]
	at com.structurizr.dsl.StructurizrDslParser.parse(StructurizrDslParser.java:188) ~[structurizr-dsl-6.2.1.jar!/:6.2.1]
	at com.structurizr.server.component.workspace.LocalFileSystemWorkspaceAdapter.loadWorkspaceFromDsl(LocalFileSystemWorkspaceAdapter.java:113) ~[!/:2026.05.22]
	at com.structurizr.server.component.workspace.LocalFileSystemWorkspaceAdapter.loadWorkspace(LocalFileSystemWorkspaceAdapter.java:68) ~[!/:2026.05.22]
	... 8 common frames omitted

2026-06-13T03:17:13.719Z ERROR 1 --- [http-nio-8080-exec-6] c.s.s.w.a.AbstractWorkspaceApiController : com.structurizr.server.component.workspace.WorkspaceComponentException: com.structurizr.dsl.StructurizrDslParserException: Unexpected tokens (expected: !docs, !decisions, group, component, description, technology, tags, url, properties, perspectives, ->) at line 45 of /usr/local/structurizr/workspace.dsl: database = containerDb "Oracle Autonomous DB" "Oracle ADB" "Stores users, projects, issues, sprints and KPI data."
2026-06-13T03:18:52.594Z  INFO 1 --- [SpringApplicationShutdownHook] com.structurizr.server.AbstractServer    : ********************************************************
2026-06-13T03:18:52.594Z  INFO 1 --- [SpringApplicationShutdownHook] com.structurizr.server.AbstractServer    :  Stopping Structurizr
2026-06-13T03:18:52.594Z  INFO 1 --- [SpringApplicationShutdownHook] com.structurizr.server.AbstractServer    : ********************************************************
2026-06-13T03:18:59.618Z  INFO 1 --- [main] com.structurizr.server.Local             : ***********************************************************************************
2026-06-13T03:18:59.620Z  INFO 1 --- [main] com.structurizr.server.Local             :   _____ _                   _              _          
2026-06-13T03:18:59.620Z  INFO 1 --- [main] com.structurizr.server.Local             :  / ____| |                 | |            (_)         
2026-06-13T03:18:59.620Z  INFO 1 --- [main] com.structurizr.server.Local             : | (___ | |_ _ __ _   _  ___| |_ _   _ _ __ _ _____ __ 
2026-06-13T03:18:59.621Z  INFO 1 --- [main] com.structurizr.server.Local             :  \___ \| __| '__| | | |/ __| __| | | | '__| |_  / '__|
2026-06-13T03:18:59.621Z  INFO 1 --- [main] com.structurizr.server.Local             :  ____) | |_| |  | |_| | (__| |_| |_| | |  | |/ /| |   
2026-06-13T03:18:59.621Z  INFO 1 --- [main] com.structurizr.server.Local             : |_____/ \__|_|   \__,_|\___|\__|\__,_|_|  |_/___|_|   
2026-06-13T03:18:59.621Z  INFO 1 --- [main] com.structurizr.server.Local             :                                                       
2026-06-13T03:18:59.622Z  INFO 1 --- [main] com.structurizr.server.Local             : Local v2026.05.22
2026-06-13T03:18:59.622Z  INFO 1 --- [main] com.structurizr.server.Local             : ***********************************************************************************
2026-06-13T03:18:59.622Z  INFO 1 --- [main] com.structurizr.server.Local             :  - structurizr.authentication: none
2026-06-13T03:18:59.622Z  INFO 1 --- [main] com.structurizr.server.Local             :  - structurizr.autorefreshinterval: 0
2026-06-13T03:18:59.623Z  INFO 1 --- [main] com.structurizr.server.Local             :  - structurizr.autosaveinterval: 5000
2026-06-13T03:18:59.623Z  INFO 1 --- [main] com.structurizr.server.Local             :  - structurizr.cache: none
2026-06-13T03:18:59.623Z  INFO 1 --- [main] com.structurizr.server.Local             :  - structurizr.data: file
2026-06-13T03:18:59.623Z  INFO 1 --- [main] com.structurizr.server.Local             :  - structurizr.datadirectory: /usr/local/structurizr
2026-06-13T03:18:59.623Z  INFO 1 --- [main] com.structurizr.server.Local             :  - structurizr.debug: false
2026-06-13T03:18:59.623Z  INFO 1 --- [main] com.structurizr.server.Local             :  - structurizr.editable: true
2026-06-13T03:18:59.624Z  INFO 1 --- [main] com.structurizr.server.Local             :  - structurizr.logging.filename: /usr/local/structurizr/.structurizr/logs/structurizr.log
2026-06-13T03:18:59.624Z  INFO 1 --- [main] com.structurizr.server.Local             :  - structurizr.network.timeout: 60000
2026-06-13T03:18:59.624Z  INFO 1 --- [main] com.structurizr.server.Local             :  - structurizr.network.urls.allowed: .*
2026-06-13T03:18:59.624Z  INFO 1 --- [main] com.structurizr.server.Local             :  - structurizr.search: lucene
2026-06-13T03:18:59.624Z  INFO 1 --- [main] com.structurizr.server.Local             :  - structurizr.themes: /usr/local/structurizr/themes/
2026-06-13T03:18:59.624Z  INFO 1 --- [main] com.structurizr.server.Local             :  - structurizr.workspace.maxsize: 1MB
2026-06-13T03:18:59.625Z  INFO 1 --- [main] com.structurizr.server.Local             :  - structurizr.workspace.threads: 10
2026-06-13T03:18:59.625Z  INFO 1 --- [main] com.structurizr.server.Local             :  - structurizr.workspaces: 1
2026-06-13T03:18:59.625Z  INFO 1 --- [main] com.structurizr.server.Local             : ***********************************************************************************
2026-06-13T03:18:59.625Z  INFO 1 --- [main] com.structurizr.server.Local             : Themes:
2026-06-13T03:18:59.625Z  INFO 1 --- [main] com.structurizr.server.Local             : ***********************************************************************************
2026-06-13T03:19:04.814Z  WARN 1 --- [pool-4-thread-1] c.s.server.web.search.SearchIndexer      : Error indexing workspace with ID 1

com.structurizr.server.component.workspace.WorkspaceComponentException: com.structurizr.dsl.StructurizrDslParserException: Unexpected tokens (expected: !docs, !decisions, group, component, description, technology, tags, url, properties, perspectives, ->) at line 45 of /usr/local/structurizr/workspace.dsl: database = container "Oracle Autonomous DB" "Stores users, projects, issues, sprints and KPI data." "Oracle ADB" {
	at com.structurizr.server.component.workspace.LocalFileSystemWorkspaceAdapter.loadWorkspace(LocalFileSystemWorkspaceAdapter.java:70) ~[!/:2026.05.22]
	at com.structurizr.server.component.workspace.LocalFileSystemWorkspaceAdapter.getWorkspace(LocalFileSystemWorkspaceAdapter.java:151) ~[!/:2026.05.22]
	at com.structurizr.server.component.workspace.WorkspaceComponentImpl.getWorkspace(WorkspaceComponentImpl.java:206) ~[!/:2026.05.22]
	at com.structurizr.server.web.search.SearchIndexer.lambda$rebuildSearchIndex$0(SearchIndexer.java:52) ~[!/:2026.05.22]
	at java.base/java.util.concurrent.Executors$RunnableAdapter.call(Unknown Source) ~[na:na]
	at java.base/java.util.concurrent.FutureTask.run(Unknown Source) ~[na:na]
	at java.base/java.util.concurrent.ThreadPoolExecutor.runWorker(Unknown Source) ~[na:na]
	at java.base/java.util.concurrent.ThreadPoolExecutor$Worker.run(Unknown Source) ~[na:na]
	at java.base/java.lang.Thread.run(Unknown Source) ~[na:na]
Caused by: com.structurizr.dsl.StructurizrDslParserException: Unexpected tokens (expected: !docs, !decisions, group, component, description, technology, tags, url, properties, perspectives, ->) at line 45 of /usr/local/structurizr/workspace.dsl: database = container "Oracle Autonomous DB" "Stores users, projects, issues, sprints and KPI data." "Oracle ADB" {
	at com.structurizr.dsl.StructurizrDslParser.parse(StructurizrDslParser.java:1369) ~[structurizr-dsl-6.2.1.jar!/:6.2.1]
	at com.structurizr.dsl.StructurizrDslParser.parse(StructurizrDslParser.java:188) ~[structurizr-dsl-6.2.1.jar!/:6.2.1]
	at com.structurizr.server.component.workspace.LocalFileSystemWorkspaceAdapter.loadWorkspaceFromDsl(LocalFileSystemWorkspaceAdapter.java:113) ~[!/:2026.05.22]
	at com.structurizr.server.component.workspace.LocalFileSystemWorkspaceAdapter.loadWorkspace(LocalFileSystemWorkspaceAdapter.java:68) ~[!/:2026.05.22]
	... 8 common frames omitted

2026-06-13T03:19:39.912Z ERROR 1 --- [http-nio-8080-exec-6] c.s.s.w.a.AbstractWorkspaceApiController : com.structurizr.server.component.workspace.WorkspaceComponentException: com.structurizr.dsl.StructurizrDslParserException: Unexpected tokens (expected: !docs, !decisions, group, component, description, technology, tags, url, properties, perspectives, ->) at line 45 of /usr/local/structurizr/workspace.dsl: database = container "Oracle Autonomous DB" "Stores users, projects, issues, sprints and KPI data." "Oracle ADB" {
2026-06-13T03:19:42.954Z ERROR 1 --- [http-nio-8080-exec-6] c.s.s.w.a.AbstractWorkspaceApiController : com.structurizr.server.component.workspace.WorkspaceComponentException: com.structurizr.dsl.StructurizrDslParserException: Unexpected tokens (expected: !docs, !decisions, group, component, description, technology, tags, url, properties, perspectives, ->) at line 45 of /usr/local/structurizr/workspace.dsl: database = container "Oracle Autonomous DB" "Stores users, projects, issues, sprints and KPI data." "Oracle ADB" {
2026-06-13T03:20:20.515Z ERROR 1 --- [http-nio-8080-exec-2] c.s.s.w.a.AbstractWorkspaceApiController : com.structurizr.server.component.workspace.WorkspaceComponentException: com.structurizr.dsl.StructurizrDslParserException: Unexpected tokens (expected: !docs, !decisions, group, container, description, tags, url, properties, perspectives, ->) at line 46 of /usr/local/structurizr/workspace.dsl: database = containerDb "Oracle Autonomous DB" "Stores users, projects, issues, sprints and KPI data." "Oracle ADB"
2026-06-13T03:20:21.274Z ERROR 1 --- [http-nio-8080-exec-2] c.s.s.w.a.AbstractWorkspaceApiController : com.structurizr.server.component.workspace.WorkspaceComponentException: com.structurizr.dsl.StructurizrDslParserException: Unexpected tokens (expected: !docs, !decisions, group, container, description, tags, url, properties, perspectives, ->) at line 46 of /usr/local/structurizr/workspace.dsl: database = containerDb "Oracle Autonomous DB" "Stores users, projects, issues, sprints and KPI data." "Oracle ADB"
2026-06-13T03:20:21.770Z ERROR 1 --- [http-nio-8080-exec-5] c.s.s.w.a.AbstractWorkspaceApiController : com.structurizr.server.component.workspace.WorkspaceComponentException: com.structurizr.dsl.StructurizrDslParserException: Unexpected tokens (expected: !docs, !decisions, group, container, description, tags, url, properties, perspectives, ->) at line 46 of /usr/local/structurizr/workspace.dsl: database = containerDb "Oracle Autonomous DB" "Stores users, projects, issues, sprints and KPI data." "Oracle ADB"
2026-06-13T03:20:21.999Z ERROR 1 --- [http-nio-8080-exec-10] c.s.s.w.a.AbstractWorkspaceApiController : com.structurizr.server.component.workspace.WorkspaceComponentException: com.structurizr.dsl.StructurizrDslParserException: Unexpected tokens (expected: !docs, !decisions, group, container, description, tags, url, properties, perspectives, ->) at line 46 of /usr/local/structurizr/workspace.dsl: database = containerDb "Oracle Autonomous DB" "Stores users, projects, issues, sprints and KPI data." "Oracle ADB"
2026-06-13T03:20:23.344Z ERROR 1 --- [http-nio-8080-exec-9] c.s.s.w.w.a.InspectionsController        : com.structurizr.server.component.workspace.WorkspaceComponentException: com.structurizr.dsl.StructurizrDslParserException: Unexpected tokens (expected: !docs, !decisions, group, container, description, tags, url, properties, perspectives, ->) at line 46 of /usr/local/structurizr/workspace.dsl: database = containerDb "Oracle Autonomous DB" "Stores users, projects, issues, sprints and KPI data." "Oracle ADB"
2026-06-13T03:20:23.351Z ERROR 1 --- [http-nio-8080-exec-9] o.a.c.c.C.[.[.[/].[dispatcherServlet]    : Servlet.service() for servlet [dispatcherServlet] in context with path [] threw exception [Request processing failed: java.lang.RuntimeException: com.structurizr.server.component.workspace.WorkspaceComponentException: com.structurizr.dsl.StructurizrDslParserException: Unexpected tokens (expected: !docs, !decisions, group, container, description, tags, url, properties, perspectives, ->) at line 46 of /usr/local/structurizr/workspace.dsl: database = containerDb "Oracle Autonomous DB" "Stores users, projects, issues, sprints and KPI data." "Oracle ADB"] with root cause

com.structurizr.dsl.StructurizrDslParserException: Unexpected tokens (expected: !docs, !decisions, group, container, description, tags, url, properties, perspectives, ->) at line 46 of /usr/local/structurizr/workspace.dsl: database = containerDb "Oracle Autonomous DB" "Stores users, projects, issues, sprints and KPI data." "Oracle ADB"
	at com.structurizr.dsl.StructurizrDslParser.parse(StructurizrDslParser.java:1369) ~[structurizr-dsl-6.2.1.jar!/:6.2.1]
	at com.structurizr.dsl.StructurizrDslParser.parse(StructurizrDslParser.java:188) ~[structurizr-dsl-6.2.1.jar!/:6.2.1]
	at com.structurizr.server.component.workspace.LocalFileSystemWorkspaceAdapter.loadWorkspaceFromDsl(LocalFileSystemWorkspaceAdapter.java:113) ~[!/:2026.05.22]
	at com.structurizr.server.component.workspace.LocalFileSystemWorkspaceAdapter.loadWorkspace(LocalFileSystemWorkspaceAdapter.java:68) ~[!/:2026.05.22]
	at com.structurizr.server.component.workspace.LocalFileSystemWorkspaceAdapter.getWorkspace(LocalFileSystemWorkspaceAdapter.java:151) ~[!/:2026.05.22]
	at com.structurizr.server.component.workspace.WorkspaceComponentImpl.getWorkspace(WorkspaceComponentImpl.java:206) ~[!/:2026.05.22]
	at com.structurizr.server.web.workspace.authenticated.InspectionsController.lambda$showAuthenticatedInspections$4(InspectionsController.java:43) ~[!/:2026.05.22]
	at com.structurizr.server.web.workspace.authenticated.AbstractWorkspaceController.showAuthenticatedView(AbstractWorkspaceController.java:69) ~[!/:2026.05.22]
	at com.structurizr.server.web.workspace.authenticated.InspectionsController.showAuthenticatedInspections(InspectionsController.java:39) ~[!/:2026.05.22]
	at java.base/jdk.internal.reflect.DirectMethodHandleAccessor.invoke(Unknown Source) ~[na:na]
	at java.base/java.lang.reflect.Method.invoke(Unknown Source) ~[na:na]
	at org.springframework.web.method.support.InvocableHandlerMethod.doInvoke(InvocableHandlerMethod.java:258) ~[spring-web-6.2.18.jar!/:6.2.18]
	at org.springframework.web.method.support.InvocableHandlerMethod.invokeForRequest(InvocableHandlerMethod.java:191) ~[spring-web-6.2.18.jar!/:6.2.18]
	at org.springframework.web.servlet.mvc.method.annotation.ServletInvocableHandlerMethod.invokeAndHandle(ServletInvocableHandlerMethod.java:118) ~[spring-webmvc-6.2.18.jar!/:6.2.18]
	at org.springframework.web.servlet.mvc.method.annotation.RequestMappingHandlerAdapter.invokeHandlerMethod(RequestMappingHandlerAdapter.java:991) ~[spring-webmvc-6.2.18.jar!/:6.2.18]
	at org.springframework.web.servlet.mvc.method.annotation.RequestMappingHandlerAdapter.handleInternal(RequestMappingHandlerAdapter.java:896) ~[spring-webmvc-6.2.18.jar!/:6.2.18]
	at org.springframework.web.servlet.mvc.method.AbstractHandlerMethodAdapter.handle(AbstractHandlerMethodAdapter.java:87) ~[spring-webmvc-6.2.18.jar!/:6.2.18]
	at org.springframework.web.servlet.DispatcherServlet.doDispatch(DispatcherServlet.java:1089) ~[spring-webmvc-6.2.18.jar!/:6.2.18]
	at org.springframework.web.servlet.DispatcherServlet.doService(DispatcherServlet.java:979) ~[spring-webmvc-6.2.18.jar!/:6.2.18]
	at org.springframework.web.servlet.FrameworkServlet.processRequest(FrameworkServlet.java:1014) ~[spring-webmvc-6.2.18.jar!/:6.2.18]
	at org.springframework.web.servlet.FrameworkServlet.doGet(FrameworkServlet.java:903) ~[spring-webmvc-6.2.18.jar!/:6.2.18]
	at jakarta.servlet.http.HttpServlet.service(HttpServlet.java:564) ~[tomcat-embed-core-10.1.55.jar!/:6.0.0]
	at org.springframework.web.servlet.FrameworkServlet.service(FrameworkServlet.java:885) ~[spring-webmvc-6.2.18.jar!/:6.2.18]
	at jakarta.servlet.http.HttpServlet.service(HttpServlet.java:658) ~[tomcat-embed-core-10.1.55.jar!/:6.0.0]
	at org.apache.catalina.core.ApplicationFilterChain.internalDoFilter(ApplicationFilterChain.java:193) ~[tomcat-embed-core-10.1.55.jar!/:na]
	at org.apache.catalina.core.ApplicationFilterChain.doFilter(ApplicationFilterChain.java:138) ~[tomcat-embed-core-10.1.55.jar!/:na]
	at org.apache.tomcat.websocket.server.WsFilter.doFilter(WsFilter.java:51) ~[tomcat-embed-websocket-10.1.54.jar!/:na]
	at org.apache.catalina.core.ApplicationFilterChain.internalDoFilter(ApplicationFilterChain.java:162) ~[tomcat-embed-core-10.1.55.jar!/:na]
	at org.apache.catalina.core.ApplicationFilterChain.doFilter(ApplicationFilterChain.java:138) ~[tomcat-embed-core-10.1.55.jar!/:na]
	at org.springframework.web.servlet.resource.ResourceUrlEncodingFilter.doFilter(ResourceUrlEncodingFilter.java:66) ~[spring-webmvc-6.2.18.jar!/:6.2.18]
	at org.apache.catalina.core.ApplicationFilterChain.internalDoFilter(ApplicationFilterChain.java:162) ~[tomcat-embed-core-10.1.55.jar!/:na]
	at org.apache.catalina.core.ApplicationFilterChain.doFilter(ApplicationFilterChain.java:138) ~[tomcat-embed-core-10.1.55.jar!/:na]
	at org.springframework.web.filter.CharacterEncodingFilter.doFilterInternal(CharacterEncodingFilter.java:201) ~[spring-web-6.2.18.jar!/:6.2.18]
	at org.springframework.web.filter.OncePerRequestFilter.doFilter(OncePerRequestFilter.java:116) ~[spring-web-6.2.18.jar!/:6.2.18]
	at org.apache.catalina.core.ApplicationFilterChain.internalDoFilter(ApplicationFilterChain.java:162) ~[tomcat-embed-core-10.1.55.jar!/:na]
	at org.apache.catalina.core.ApplicationFilterChain.doFilter(ApplicationFilterChain.java:138) ~[tomcat-embed-core-10.1.55.jar!/:na]
	at com.structurizr.server.web.configuration.LocalConfiguration$1.doFilter(LocalConfiguration.java:66) ~[!/:2026.05.22]
	at org.apache.catalina.core.ApplicationFilterChain.internalDoFilter(ApplicationFilterChain.java:162) ~[tomcat-embed-core-10.1.55.jar!/:na]
	at org.apache.catalina.core.ApplicationFilterChain.doFilter(ApplicationFilterChain.java:138) ~[tomcat-embed-core-10.1.55.jar!/:na]
	at org.springframework.web.filter.CompositeFilter$VirtualFilterChain.doFilter(CompositeFilter.java:108) ~[spring-web-6.2.18.jar!/:6.2.18]
	at org.springframework.web.filter.CompositeFilter$VirtualFilterChain.doFilter(CompositeFilter.java:108) ~[spring-web-6.2.18.jar!/:6.2.18]
	at org.springframework.security.web.FilterChainProxy.lambda$doFilterInternal$3(FilterChainProxy.java:231) ~[spring-security-web-6.5.10.jar!/:6.5.10]
	at org.springframework.security.web.FilterChainProxy$VirtualFilterChain.doFilter(FilterChainProxy.java:370) ~[spring-security-web-6.5.10.jar!/:6.5.10]
	at org.springframework.security.web.access.intercept.AuthorizationFilter.doFilter(AuthorizationFilter.java:101) ~[spring-security-web-6.5.10.jar!/:6.5.10]
	at org.springframework.security.web.FilterChainProxy$VirtualFilterChain.doFilter(FilterChainProxy.java:379) ~[spring-security-web-6.5.10.jar!/:6.5.10]
	at org.springframework.security.web.access.ExceptionTranslationFilter.doFilter(ExceptionTranslationFilter.java:125) ~[spring-security-web-6.5.10.jar!/:6.5.10]
	at org.springframework.security.web.access.ExceptionTranslationFilter.doFilter(ExceptionTranslationFilter.java:119) ~[spring-security-web-6.5.10.jar!/:6.5.10]
	at org.springframework.security.web.FilterChainProxy$VirtualFilterChain.doFilter(FilterChainProxy.java:379) ~[spring-security-web-6.5.10.jar!/:6.5.10]
	at org.springframework.security.web.authentication.AnonymousAuthenticationFilter.doFilter(AnonymousAuthenticationFilter.java:100) ~[spring-security-web-6.5.10.jar!/:6.5.10]
	at org.springframework.security.web.FilterChainProxy$VirtualFilterChain.doFilter(FilterChainProxy.java:379) ~[spring-security-web-6.5.10.jar!/:6.5.10]
	at org.springframework.security.web.servletapi.SecurityContextHolderAwareRequestFilter.doFilter(SecurityContextHolderAwareRequestFilter.java:179) ~[spring-security-web-6.5.10.jar!/:6.5.10]
	at org.springframework.security.web.FilterChainProxy$VirtualFilterChain.doFilter(FilterChainProxy.java:379) ~[spring-security-web-6.5.10.jar!/:6.5.10]
	at org.springframework.security.web.savedrequest.RequestCacheAwareFilter.doFilter(RequestCacheAwareFilter.java:63) ~[spring-security-web-6.5.10.jar!/:6.5.10]
	at org.springframework.security.web.FilterChainProxy$VirtualFilterChain.doFilter(FilterChainProxy.java:379) ~[spring-security-web-6.5.10.jar!/:6.5.10]
	at org.springframework.security.web.authentication.logout.LogoutFilter.doFilter(LogoutFilter.java:107) ~[spring-security-web-6.5.10.jar!/:6.5.10]
	at org.springframework.security.web.authentication.logout.LogoutFilter.doFilter(LogoutFilter.java:93) ~[spring-security-web-6.5.10.jar!/:6.5.10]
	at org.springframework.security.web.FilterChainProxy$VirtualFilterChain.doFilter(FilterChainProxy.java:379) ~[spring-security-web-6.5.10.jar!/:6.5.10]
	at org.springframework.security.web.header.HeaderWriterFilter.doHeadersAfter(HeaderWriterFilter.java:90) ~[spring-security-web-6.5.10.jar!/:6.5.10]
	at org.springframework.security.web.header.HeaderWriterFilter.doFilterInternal(HeaderWriterFilter.java:75) ~[spring-security-web-6.5.10.jar!/:6.5.10]
	at org.springframework.web.filter.OncePerRequestFilter.doFilter(OncePerRequestFilter.java:116) ~[spring-web-6.2.18.jar!/:6.2.18]
	at org.springframework.security.web.FilterChainProxy$VirtualFilterChain.doFilter(FilterChainProxy.java:379) ~[spring-security-web-6.5.10.jar!/:6.5.10]
	at org.springframework.security.web.context.SecurityContextHolderFilter.doFilter(SecurityContextHolderFilter.java:82) ~[spring-security-web-6.5.10.jar!/:6.5.10]
	at org.springframework.security.web.context.SecurityContextHolderFilter.doFilter(SecurityContextHolderFilter.java:69) ~[spring-security-web-6.5.10.jar!/:6.5.10]
	at org.springframework.security.web.FilterChainProxy$VirtualFilterChain.doFilter(FilterChainProxy.java:379) ~[spring-security-web-6.5.10.jar!/:6.5.10]
	at org.springframework.security.web.context.request.async.WebAsyncManagerIntegrationFilter.doFilterInternal(WebAsyncManagerIntegrationFilter.java:62) ~[spring-security-web-6.5.10.jar!/:6.5.10]
	at org.springframework.web.filter.OncePerRequestFilter.doFilter(OncePerRequestFilter.java:116) ~[spring-web-6.2.18.jar!/:6.2.18]
	at org.springframework.security.web.FilterChainProxy$VirtualFilterChain.doFilter(FilterChainProxy.java:379) ~[spring-security-web-6.5.10.jar!/:6.5.10]
	at org.springframework.security.web.session.DisableEncodeUrlFilter.doFilterInternal(DisableEncodeUrlFilter.java:42) ~[spring-security-web-6.5.10.jar!/:6.5.10]
	at org.springframework.web.filter.OncePerRequestFilter.doFilter(OncePerRequestFilter.java:116) ~[spring-web-6.2.18.jar!/:6.2.18]
	at org.springframework.security.web.FilterChainProxy$VirtualFilterChain.doFilter(FilterChainProxy.java:379) ~[spring-security-web-6.5.10.jar!/:6.5.10]
	at org.springframework.security.web.FilterChainProxy.doFilterInternal(FilterChainProxy.java:233) ~[spring-security-web-6.5.10.jar!/:6.5.10]
	at org.springframework.security.web.FilterChainProxy.doFilter(FilterChainProxy.java:191) ~[spring-security-web-6.5.10.jar!/:6.5.10]
	at org.springframework.web.filter.CompositeFilter$VirtualFilterChain.doFilter(CompositeFilter.java:113) ~[spring-web-6.2.18.jar!/:6.2.18]
	at org.springframework.web.filter.ServletRequestPathFilter.doFilter(ServletRequestPathFilter.java:52) ~[spring-web-6.2.18.jar!/:6.2.18]
	at org.springframework.web.filter.CompositeFilter$VirtualFilterChain.doFilter(CompositeFilter.java:113) ~[spring-web-6.2.18.jar!/:6.2.18]
	at org.springframework.web.filter.CompositeFilter.doFilter(CompositeFilter.java:74) ~[spring-web-6.2.18.jar!/:6.2.18]
	at org.springframework.security.config.annotation.web.configuration.WebSecurityConfiguration$CompositeFilterChainProxy.doFilter(WebSecurityConfiguration.java:319) ~[spring-security-config-6.5.10.jar!/:6.5.10]
	at org.springframework.web.filter.CompositeFilter$VirtualFilterChain.doFilter(CompositeFilter.java:113) ~[spring-web-6.2.18.jar!/:6.2.18]
	at org.springframework.web.servlet.handler.HandlerMappingIntrospector.lambda$createCacheFilter$4(HandlerMappingIntrospector.java:267) ~[spring-webmvc-6.2.18.jar!/:6.2.18]
	at org.springframework.web.filter.CompositeFilter$VirtualFilterChain.doFilter(CompositeFilter.java:113) ~[spring-web-6.2.18.jar!/:6.2.18]
	at org.springframework.web.filter.CompositeFilter.doFilter(CompositeFilter.java:74) ~[spring-web-6.2.18.jar!/:6.2.18]
	at org.springframework.security.config.annotation.web.configuration.WebMvcSecurityConfiguration$CompositeFilterChainProxy.doFilter(WebMvcSecurityConfiguration.java:240) ~[spring-security-config-6.5.10.jar!/:6.5.10]
	at org.springframework.web.filter.DelegatingFilterProxy.invokeDelegate(DelegatingFilterProxy.java:362) ~[spring-web-6.2.18.jar!/:6.2.18]
	at org.springframework.web.filter.DelegatingFilterProxy.doFilter(DelegatingFilterProxy.java:278) ~[spring-web-6.2.18.jar!/:6.2.18]
	at org.apache.catalina.core.ApplicationFilterChain.internalDoFilter(ApplicationFilterChain.java:162) ~[tomcat-embed-core-10.1.55.jar!/:na]
	at org.apache.catalina.core.ApplicationFilterChain.doFilter(ApplicationFilterChain.java:138) ~[tomcat-embed-core-10.1.55.jar!/:na]
	at org.springframework.web.filter.RequestContextFilter.doFilterInternal(RequestContextFilter.java:100) ~[spring-web-6.2.18.jar!/:6.2.18]
	at org.springframework.web.filter.OncePerRequestFilter.doFilter(OncePerRequestFilter.java:116) ~[spring-web-6.2.18.jar!/:6.2.18]
	at org.apache.catalina.core.ApplicationFilterChain.internalDoFilter(ApplicationFilterChain.java:162) ~[tomcat-embed-core-10.1.55.jar!/:na]
	at org.apache.catalina.core.ApplicationFilterChain.doFilter(ApplicationFilterChain.java:138) ~[tomcat-embed-core-10.1.55.jar!/:na]
	at org.springframework.web.filter.FormContentFilter.doFilterInternal(FormContentFilter.java:93) ~[spring-web-6.2.18.jar!/:6.2.18]
	at org.springframework.web.filter.OncePerRequestFilter.doFilter(OncePerRequestFilter.java:116) ~[spring-web-6.2.18.jar!/:6.2.18]
	at org.apache.catalina.core.ApplicationFilterChain.internalDoFilter(ApplicationFilterChain.java:162) ~[tomcat-embed-core-10.1.55.jar!/:na]
	at org.apache.catalina.core.ApplicationFilterChain.doFilter(ApplicationFilterChain.java:138) ~[tomcat-embed-core-10.1.55.jar!/:na]
	at org.springframework.web.filter.CharacterEncodingFilter.doFilterInternal(CharacterEncodingFilter.java:201) ~[spring-web-6.2.18.jar!/:6.2.18]
	at org.springframework.web.filter.OncePerRequestFilter.doFilter(OncePerRequestFilter.java:116) ~[spring-web-6.2.18.jar!/:6.2.18]
	at org.apache.catalina.core.ApplicationFilterChain.internalDoFilter(ApplicationFilterChain.java:162) ~[tomcat-embed-core-10.1.55.jar!/:na]
	at org.apache.catalina.core.ApplicationFilterChain.doFilter(ApplicationFilterChain.java:138) ~[tomcat-embed-core-10.1.55.jar!/:na]
	at org.apache.catalina.core.StandardWrapperValve.invoke(StandardWrapperValve.java:165) ~[tomcat-embed-core-10.1.55.jar!/:na]
	at org.apache.catalina.core.StandardContextValve.invoke(StandardContextValve.java:88) ~[tomcat-embed-core-10.1.55.jar!/:na]
	at org.apache.catalina.authenticator.AuthenticatorBase.invoke(AuthenticatorBase.java:492) ~[tomcat-embed-core-10.1.55.jar!/:na]
	at org.apache.catalina.core.StandardHostValve.invoke(StandardHostValve.java:113) ~[tomcat-embed-core-10.1.55.jar!/:na]
	at org.apache.catalina.valves.ErrorReportValve.invoke(ErrorReportValve.java:83) ~[tomcat-embed-core-10.1.55.jar!/:na]
	at org.apache.catalina.core.StandardEngineValve.invoke(StandardEngineValve.java:72) ~[tomcat-embed-core-10.1.55.jar!/:na]
	at org.apache.catalina.connector.CoyoteAdapter.service(CoyoteAdapter.java:342) ~[tomcat-embed-core-10.1.55.jar!/:na]
	at org.apache.coyote.http11.Http11Processor.service(Http11Processor.java:399) ~[tomcat-embed-core-10.1.55.jar!/:na]
	at org.apache.coyote.AbstractProcessorLight.process(AbstractProcessorLight.java:63) ~[tomcat-embed-core-10.1.55.jar!/:na]
	at org.apache.coyote.AbstractProtocol$ConnectionHandler.process(AbstractProtocol.java:1272) ~[tomcat-embed-core-10.1.55.jar!/:na]
	at org.apache.tomcat.util.net.NioEndpoint$SocketProcessor.doRun(NioEndpoint.java:1797) ~[tomcat-embed-core-10.1.55.jar!/:na]
	at org.apache.tomcat.util.net.SocketProcessorBase.run(SocketProcessorBase.java:52) ~[tomcat-embed-core-10.1.55.jar!/:na]
	at org.apache.tomcat.util.threads.ThreadPoolExecutor.runWorker(ThreadPoolExecutor.java:973) ~[tomcat-embed-core-10.1.55.jar!/:na]
	at org.apache.tomcat.util.threads.ThreadPoolExecutor$Worker.run(ThreadPoolExecutor.java:491) ~[tomcat-embed-core-10.1.55.jar!/:na]
	at org.apache.tomcat.util.threads.TaskThread$WrappingRunnable.run(TaskThread.java:63) ~[tomcat-embed-core-10.1.55.jar!/:na]
	at java.base/java.lang.Thread.run(Unknown Source) ~[na:na]

2026-06-13T03:20:24.125Z ERROR 1 --- [http-nio-8080-exec-2] c.s.s.w.w.a.InspectionsController        : com.structurizr.server.component.workspace.WorkspaceComponentException: com.structurizr.dsl.StructurizrDslParserException: Unexpected tokens (expected: !docs, !decisions, group, container, description, tags, url, properties, perspectives, ->) at line 46 of /usr/local/structurizr/workspace.dsl: database = containerDb "Oracle Autonomous DB" "Stores users, projects, issues, sprints and KPI data." "Oracle ADB"
2026-06-13T03:20:24.126Z ERROR 1 --- [http-nio-8080-exec-2] o.a.c.c.C.[.[.[/].[dispatcherServlet]    : Servlet.service() for servlet [dispatcherServlet] in context with path [] threw exception [Request processing failed: java.lang.RuntimeException: com.structurizr.server.component.workspace.WorkspaceComponentException: com.structurizr.dsl.StructurizrDslParserException: Unexpected tokens (expected: !docs, !decisions, group, container, description, tags, url, properties, perspectives, ->) at line 46 of /usr/local/structurizr/workspace.dsl: database = containerDb "Oracle Autonomous DB" "Stores users, projects, issues, sprints and KPI data." "Oracle ADB"] with root cause

com.structurizr.dsl.StructurizrDslParserException: Unexpected tokens (expected: !docs, !decisions, group, container, description, tags, url, properties, perspectives, ->) at line 46 of /usr/local/structurizr/workspace.dsl: database = containerDb "Oracle Autonomous DB" "Stores users, projects, issues, sprints and KPI data." "Oracle ADB"
	at com.structurizr.dsl.StructurizrDslParser.parse(StructurizrDslParser.java:1369) ~[structurizr-dsl-6.2.1.jar!/:6.2.1]
	at com.structurizr.dsl.StructurizrDslParser.parse(StructurizrDslParser.java:188) ~[structurizr-dsl-6.2.1.jar!/:6.2.1]
	at com.structurizr.server.component.workspace.LocalFileSystemWorkspaceAdapter.loadWorkspaceFromDsl(LocalFileSystemWorkspaceAdapter.java:113) ~[!/:2026.05.22]
	at com.structurizr.server.component.workspace.LocalFileSystemWorkspaceAdapter.loadWorkspace(LocalFileSystemWorkspaceAdapter.java:68) ~[!/:2026.05.22]
	at com.structurizr.server.component.workspace.LocalFileSystemWorkspaceAdapter.getWorkspace(LocalFileSystemWorkspaceAdapter.java:151) ~[!/:2026.05.22]
	at com.structurizr.server.component.workspace.WorkspaceComponentImpl.getWorkspace(WorkspaceComponentImpl.java:206) ~[!/:2026.05.22]
	at com.structurizr.server.web.workspace.authenticated.InspectionsController.lambda$showAuthenticatedInspections$4(InspectionsController.java:43) ~[!/:2026.05.22]
	at com.structurizr.server.web.workspace.authenticated.AbstractWorkspaceController.showAuthenticatedView(AbstractWorkspaceController.java:69) ~[!/:2026.05.22]
	at com.structurizr.server.web.workspace.authenticated.InspectionsController.showAuthenticatedInspections(InspectionsController.java:39) ~[!/:2026.05.22]
	at java.base/jdk.internal.reflect.DirectMethodHandleAccessor.invoke(Unknown Source) ~[na:na]
	at java.base/java.lang.reflect.Method.invoke(Unknown Source) ~[na:na]
	at org.springframework.web.method.support.InvocableHandlerMethod.doInvoke(InvocableHandlerMethod.java:258) ~[spring-web-6.2.18.jar!/:6.2.18]
	at org.springframework.web.method.support.InvocableHandlerMethod.invokeForRequest(InvocableHandlerMethod.java:191) ~[spring-web-6.2.18.jar!/:6.2.18]
	at org.springframework.web.servlet.mvc.method.annotation.ServletInvocableHandlerMethod.invokeAndHandle(ServletInvocableHandlerMethod.java:118) ~[spring-webmvc-6.2.18.jar!/:6.2.18]
	at org.springframework.web.servlet.mvc.method.annotation.RequestMappingHandlerAdapter.invokeHandlerMethod(RequestMappingHandlerAdapter.java:991) ~[spring-webmvc-6.2.18.jar!/:6.2.18]
	at org.springframework.web.servlet.mvc.method.annotation.RequestMappingHandlerAdapter.handleInternal(RequestMappingHandlerAdapter.java:896) ~[spring-webmvc-6.2.18.jar!/:6.2.18]
	at org.springframework.web.servlet.mvc.method.AbstractHandlerMethodAdapter.handle(AbstractHandlerMethodAdapter.java:87) ~[spring-webmvc-6.2.18.jar!/:6.2.18]
	at org.springframework.web.servlet.DispatcherServlet.doDispatch(DispatcherServlet.java:1089) ~[spring-webmvc-6.2.18.jar!/:6.2.18]
	at org.springframework.web.servlet.DispatcherServlet.doService(DispatcherServlet.java:979) ~[spring-webmvc-6.2.18.jar!/:6.2.18]
	at org.springframework.web.servlet.FrameworkServlet.processRequest(FrameworkServlet.java:1014) ~[spring-webmvc-6.2.18.jar!/:6.2.18]
	at org.springframework.web.servlet.FrameworkServlet.doGet(FrameworkServlet.java:903) ~[spring-webmvc-6.2.18.jar!/:6.2.18]
	at jakarta.servlet.http.HttpServlet.service(HttpServlet.java:564) ~[tomcat-embed-core-10.1.55.jar!/:6.0.0]
	at org.springframework.web.servlet.FrameworkServlet.service(FrameworkServlet.java:885) ~[spring-webmvc-6.2.18.jar!/:6.2.18]
	at jakarta.servlet.http.HttpServlet.service(HttpServlet.java:658) ~[tomcat-embed-core-10.1.55.jar!/:6.0.0]
	at org.apache.catalina.core.ApplicationFilterChain.internalDoFilter(ApplicationFilterChain.java:193) ~[tomcat-embed-core-10.1.55.jar!/:na]
	at org.apache.catalina.core.ApplicationFilterChain.doFilter(ApplicationFilterChain.java:138) ~[tomcat-embed-core-10.1.55.jar!/:na]
	at org.apache.tomcat.websocket.server.WsFilter.doFilter(WsFilter.java:51) ~[tomcat-embed-websocket-10.1.54.jar!/:na]
	at org.apache.catalina.core.ApplicationFilterChain.internalDoFilter(ApplicationFilterChain.java:162) ~[tomcat-embed-core-10.1.55.jar!/:na]
	at org.apache.catalina.core.ApplicationFilterChain.doFilter(ApplicationFilterChain.java:138) ~[tomcat-embed-core-10.1.55.jar!/:na]
	at org.springframework.web.servlet.resource.ResourceUrlEncodingFilter.doFilter(ResourceUrlEncodingFilter.java:66) ~[spring-webmvc-6.2.18.jar!/:6.2.18]
	at org.apache.catalina.core.ApplicationFilterChain.internalDoFilter(ApplicationFilterChain.java:162) ~[tomcat-embed-core-10.1.55.jar!/:na]
	at org.apache.catalina.core.ApplicationFilterChain.doFilter(ApplicationFilterChain.java:138) ~[tomcat-embed-core-10.1.55.jar!/:na]
	at org.springframework.web.filter.CharacterEncodingFilter.doFilterInternal(CharacterEncodingFilter.java:201) ~[spring-web-6.2.18.jar!/:6.2.18]
	at org.springframework.web.filter.OncePerRequestFilter.doFilter(OncePerRequestFilter.java:116) ~[spring-web-6.2.18.jar!/:6.2.18]
	at org.apache.catalina.core.ApplicationFilterChain.internalDoFilter(ApplicationFilterChain.java:162) ~[tomcat-embed-core-10.1.55.jar!/:na]
	at org.apache.catalina.core.ApplicationFilterChain.doFilter(ApplicationFilterChain.java:138) ~[tomcat-embed-core-10.1.55.jar!/:na]
	at com.structurizr.server.web.configuration.LocalConfiguration$1.doFilter(LocalConfiguration.java:66) ~[!/:2026.05.22]
	at org.apache.catalina.core.ApplicationFilterChain.internalDoFilter(ApplicationFilterChain.java:162) ~[tomcat-embed-core-10.1.55.jar!/:na]
	at org.apache.catalina.core.ApplicationFilterChain.doFilter(ApplicationFilterChain.java:138) ~[tomcat-embed-core-10.1.55.jar!/:na]
	at org.springframework.web.filter.CompositeFilter$VirtualFilterChain.doFilter(CompositeFilter.java:108) ~[spring-web-6.2.18.jar!/:6.2.18]
	at org.springframework.web.filter.CompositeFilter$VirtualFilterChain.doFilter(CompositeFilter.java:108) ~[spring-web-6.2.18.jar!/:6.2.18]
	at org.springframework.security.web.FilterChainProxy.lambda$doFilterInternal$3(FilterChainProxy.java:231) ~[spring-security-web-6.5.10.jar!/:6.5.10]
	at org.springframework.security.web.FilterChainProxy$VirtualFilterChain.doFilter(FilterChainProxy.java:370) ~[spring-security-web-6.5.10.jar!/:6.5.10]
	at org.springframework.security.web.access.intercept.AuthorizationFilter.doFilter(AuthorizationFilter.java:101) ~[spring-security-web-6.5.10.jar!/:6.5.10]
	at org.springframework.security.web.FilterChainProxy$VirtualFilterChain.doFilter(FilterChainProxy.java:379) ~[spring-security-web-6.5.10.jar!/:6.5.10]
	at org.springframework.security.web.access.ExceptionTranslationFilter.doFilter(ExceptionTranslationFilter.java:125) ~[spring-security-web-6.5.10.jar!/:6.5.10]
	at org.springframework.security.web.access.ExceptionTranslationFilter.doFilter(ExceptionTranslationFilter.java:119) ~[spring-security-web-6.5.10.jar!/:6.5.10]
	at org.springframework.security.web.FilterChainProxy$VirtualFilterChain.doFilter(FilterChainProxy.java:379) ~[spring-security-web-6.5.10.jar!/:6.5.10]
	at org.springframework.security.web.authentication.AnonymousAuthenticationFilter.doFilter(AnonymousAuthenticationFilter.java:100) ~[spring-security-web-6.5.10.jar!/:6.5.10]
	at org.springframework.security.web.FilterChainProxy$VirtualFilterChain.doFilter(FilterChainProxy.java:379) ~[spring-security-web-6.5.10.jar!/:6.5.10]
	at org.springframework.security.web.servletapi.SecurityContextHolderAwareRequestFilter.doFilter(SecurityContextHolderAwareRequestFilter.java:179) ~[spring-security-web-6.5.10.jar!/:6.5.10]
	at org.springframework.security.web.FilterChainProxy$VirtualFilterChain.doFilter(FilterChainProxy.java:379) ~[spring-security-web-6.5.10.jar!/:6.5.10]
	at org.springframework.security.web.savedrequest.RequestCacheAwareFilter.doFilter(RequestCacheAwareFilter.java:63) ~[spring-security-web-6.5.10.jar!/:6.5.10]
	at org.springframework.security.web.FilterChainProxy$VirtualFilterChain.doFilter(FilterChainProxy.java:379) ~[spring-security-web-6.5.10.jar!/:6.5.10]
	at org.springframework.security.web.authentication.logout.LogoutFilter.doFilter(LogoutFilter.java:107) ~[spring-security-web-6.5.10.jar!/:6.5.10]
	at org.springframework.security.web.authentication.logout.LogoutFilter.doFilter(LogoutFilter.java:93) ~[spring-security-web-6.5.10.jar!/:6.5.10]
	at org.springframework.security.web.FilterChainProxy$VirtualFilterChain.doFilter(FilterChainProxy.java:379) ~[spring-security-web-6.5.10.jar!/:6.5.10]
	at org.springframework.security.web.header.HeaderWriterFilter.doHeadersAfter(HeaderWriterFilter.java:90) ~[spring-security-web-6.5.10.jar!/:6.5.10]
	at org.springframework.security.web.header.HeaderWriterFilter.doFilterInternal(HeaderWriterFilter.java:75) ~[spring-security-web-6.5.10.jar!/:6.5.10]
	at org.springframework.web.filter.OncePerRequestFilter.doFilter(OncePerRequestFilter.java:116) ~[spring-web-6.2.18.jar!/:6.2.18]
	at org.springframework.security.web.FilterChainProxy$VirtualFilterChain.doFilter(FilterChainProxy.java:379) ~[spring-security-web-6.5.10.jar!/:6.5.10]
	at org.springframework.security.web.context.SecurityContextHolderFilter.doFilter(SecurityContextHolderFilter.java:82) ~[spring-security-web-6.5.10.jar!/:6.5.10]
	at org.springframework.security.web.context.SecurityContextHolderFilter.doFilter(SecurityContextHolderFilter.java:69) ~[spring-security-web-6.5.10.jar!/:6.5.10]
	at org.springframework.security.web.FilterChainProxy$VirtualFilterChain.doFilter(FilterChainProxy.java:379) ~[spring-security-web-6.5.10.jar!/:6.5.10]
	at org.springframework.security.web.context.request.async.WebAsyncManagerIntegrationFilter.doFilterInternal(WebAsyncManagerIntegrationFilter.java:62) ~[spring-security-web-6.5.10.jar!/:6.5.10]
	at org.springframework.web.filter.OncePerRequestFilter.doFilter(OncePerRequestFilter.java:116) ~[spring-web-6.2.18.jar!/:6.2.18]
	at org.springframework.security.web.FilterChainProxy$VirtualFilterChain.doFilter(FilterChainProxy.java:379) ~[spring-security-web-6.5.10.jar!/:6.5.10]
	at org.springframework.security.web.session.DisableEncodeUrlFilter.doFilterInternal(DisableEncodeUrlFilter.java:42) ~[spring-security-web-6.5.10.jar!/:6.5.10]
	at org.springframework.web.filter.OncePerRequestFilter.doFilter(OncePerRequestFilter.java:116) ~[spring-web-6.2.18.jar!/:6.2.18]
	at org.springframework.security.web.FilterChainProxy$VirtualFilterChain.doFilter(FilterChainProxy.java:379) ~[spring-security-web-6.5.10.jar!/:6.5.10]
	at org.springframework.security.web.FilterChainProxy.doFilterInternal(FilterChainProxy.java:233) ~[spring-security-web-6.5.10.jar!/:6.5.10]
	at org.springframework.security.web.FilterChainProxy.doFilter(FilterChainProxy.java:191) ~[spring-security-web-6.5.10.jar!/:6.5.10]
	at org.springframework.web.filter.CompositeFilter$VirtualFilterChain.doFilter(CompositeFilter.java:113) ~[spring-web-6.2.18.jar!/:6.2.18]
	at org.springframework.web.filter.ServletRequestPathFilter.doFilter(ServletRequestPathFilter.java:52) ~[spring-web-6.2.18.jar!/:6.2.18]
	at org.springframework.web.filter.CompositeFilter$VirtualFilterChain.doFilter(CompositeFilter.java:113) ~[spring-web-6.2.18.jar!/:6.2.18]
	at org.springframework.web.filter.CompositeFilter.doFilter(CompositeFilter.java:74) ~[spring-web-6.2.18.jar!/:6.2.18]
	at org.springframework.security.config.annotation.web.configuration.WebSecurityConfiguration$CompositeFilterChainProxy.doFilter(WebSecurityConfiguration.java:319) ~[spring-security-config-6.5.10.jar!/:6.5.10]
	at org.springframework.web.filter.CompositeFilter$VirtualFilterChain.doFilter(CompositeFilter.java:113) ~[spring-web-6.2.18.jar!/:6.2.18]
	at org.springframework.web.servlet.handler.HandlerMappingIntrospector.lambda$createCacheFilter$4(HandlerMappingIntrospector.java:267) ~[spring-webmvc-6.2.18.jar!/:6.2.18]
	at org.springframework.web.filter.CompositeFilter$VirtualFilterChain.doFilter(CompositeFilter.java:113) ~[spring-web-6.2.18.jar!/:6.2.18]
	at org.springframework.web.filter.CompositeFilter.doFilter(CompositeFilter.java:74) ~[spring-web-6.2.18.jar!/:6.2.18]
	at org.springframework.security.config.annotation.web.configuration.WebMvcSecurityConfiguration$CompositeFilterChainProxy.doFilter(WebMvcSecurityConfiguration.java:240) ~[spring-security-config-6.5.10.jar!/:6.5.10]
	at org.springframework.web.filter.DelegatingFilterProxy.invokeDelegate(DelegatingFilterProxy.java:362) ~[spring-web-6.2.18.jar!/:6.2.18]
	at org.springframework.web.filter.DelegatingFilterProxy.doFilter(DelegatingFilterProxy.java:278) ~[spring-web-6.2.18.jar!/:6.2.18]
	at org.apache.catalina.core.ApplicationFilterChain.internalDoFilter(ApplicationFilterChain.java:162) ~[tomcat-embed-core-10.1.55.jar!/:na]
	at org.apache.catalina.core.ApplicationFilterChain.doFilter(ApplicationFilterChain.java:138) ~[tomcat-embed-core-10.1.55.jar!/:na]
	at org.springframework.web.filter.RequestContextFilter.doFilterInternal(RequestContextFilter.java:100) ~[spring-web-6.2.18.jar!/:6.2.18]
	at org.springframework.web.filter.OncePerRequestFilter.doFilter(OncePerRequestFilter.java:116) ~[spring-web-6.2.18.jar!/:6.2.18]
	at org.apache.catalina.core.ApplicationFilterChain.internalDoFilter(ApplicationFilterChain.java:162) ~[tomcat-embed-core-10.1.55.jar!/:na]
	at org.apache.catalina.core.ApplicationFilterChain.doFilter(ApplicationFilterChain.java:138) ~[tomcat-embed-core-10.1.55.jar!/:na]
	at org.springframework.web.filter.FormContentFilter.doFilterInternal(FormContentFilter.java:93) ~[spring-web-6.2.18.jar!/:6.2.18]
	at org.springframework.web.filter.OncePerRequestFilter.doFilter(OncePerRequestFilter.java:116) ~[spring-web-6.2.18.jar!/:6.2.18]
	at org.apache.catalina.core.ApplicationFilterChain.internalDoFilter(ApplicationFilterChain.java:162) ~[tomcat-embed-core-10.1.55.jar!/:na]
	at org.apache.catalina.core.ApplicationFilterChain.doFilter(ApplicationFilterChain.java:138) ~[tomcat-embed-core-10.1.55.jar!/:na]
	at org.springframework.web.filter.CharacterEncodingFilter.doFilterInternal(CharacterEncodingFilter.java:201) ~[spring-web-6.2.18.jar!/:6.2.18]
	at org.springframework.web.filter.OncePerRequestFilter.doFilter(OncePerRequestFilter.java:116) ~[spring-web-6.2.18.jar!/:6.2.18]
	at org.apache.catalina.core.ApplicationFilterChain.internalDoFilter(ApplicationFilterChain.java:162) ~[tomcat-embed-core-10.1.55.jar!/:na]
	at org.apache.catalina.core.ApplicationFilterChain.doFilter(ApplicationFilterChain.java:138) ~[tomcat-embed-core-10.1.55.jar!/:na]
	at org.apache.catalina.core.StandardWrapperValve.invoke(StandardWrapperValve.java:165) ~[tomcat-embed-core-10.1.55.jar!/:na]
	at org.apache.catalina.core.StandardContextValve.invoke(StandardContextValve.java:88) ~[tomcat-embed-core-10.1.55.jar!/:na]
	at org.apache.catalina.authenticator.AuthenticatorBase.invoke(AuthenticatorBase.java:492) ~[tomcat-embed-core-10.1.55.jar!/:na]
	at org.apache.catalina.core.StandardHostValve.invoke(StandardHostValve.java:113) ~[tomcat-embed-core-10.1.55.jar!/:na]
	at org.apache.catalina.valves.ErrorReportValve.invoke(ErrorReportValve.java:83) ~[tomcat-embed-core-10.1.55.jar!/:na]
	at org.apache.catalina.core.StandardEngineValve.invoke(StandardEngineValve.java:72) ~[tomcat-embed-core-10.1.55.jar!/:na]
	at org.apache.catalina.connector.CoyoteAdapter.service(CoyoteAdapter.java:342) ~[tomcat-embed-core-10.1.55.jar!/:na]
	at org.apache.coyote.http11.Http11Processor.service(Http11Processor.java:399) ~[tomcat-embed-core-10.1.55.jar!/:na]
	at org.apache.coyote.AbstractProcessorLight.process(AbstractProcessorLight.java:63) ~[tomcat-embed-core-10.1.55.jar!/:na]
	at org.apache.coyote.AbstractProtocol$ConnectionHandler.process(AbstractProtocol.java:1272) ~[tomcat-embed-core-10.1.55.jar!/:na]
	at org.apache.tomcat.util.net.NioEndpoint$SocketProcessor.doRun(NioEndpoint.java:1797) ~[tomcat-embed-core-10.1.55.jar!/:na]
	at org.apache.tomcat.util.net.SocketProcessorBase.run(SocketProcessorBase.java:52) ~[tomcat-embed-core-10.1.55.jar!/:na]
	at org.apache.tomcat.util.threads.ThreadPoolExecutor.runWorker(ThreadPoolExecutor.java:973) ~[tomcat-embed-core-10.1.55.jar!/:na]
	at org.apache.tomcat.util.threads.ThreadPoolExecutor$Worker.run(ThreadPoolExecutor.java:491) ~[tomcat-embed-core-10.1.55.jar!/:na]
	at org.apache.tomcat.util.threads.TaskThread$WrappingRunnable.run(TaskThread.java:63) ~[tomcat-embed-core-10.1.55.jar!/:na]
	at java.base/java.lang.Thread.run(Unknown Source) ~[na:na]

2026-06-13T03:20:24.280Z ERROR 1 --- [http-nio-8080-exec-7] c.s.s.w.w.a.InspectionsController        : com.structurizr.server.component.workspace.WorkspaceComponentException: com.structurizr.dsl.StructurizrDslParserException: Unexpected tokens (expected: !docs, !decisions, group, container, description, tags, url, properties, perspectives, ->) at line 46 of /usr/local/structurizr/workspace.dsl: database = containerDb "Oracle Autonomous DB" "Stores users, projects, issues, sprints and KPI data." "Oracle ADB"
2026-06-13T03:20:24.281Z ERROR 1 --- [http-nio-8080-exec-7] o.a.c.c.C.[.[.[/].[dispatcherServlet]    : Servlet.service() for servlet [dispatcherServlet] in context with path [] threw exception [Request processing failed: java.lang.RuntimeException: com.structurizr.server.component.workspace.WorkspaceComponentException: com.structurizr.dsl.StructurizrDslParserException: Unexpected tokens (expected: !docs, !decisions, group, container, description, tags, url, properties, perspectives, ->) at line 46 of /usr/local/structurizr/workspace.dsl: database = containerDb "Oracle Autonomous DB" "Stores users, projects, issues, sprints and KPI data." "Oracle ADB"] with root cause

com.structurizr.dsl.StructurizrDslParserException: Unexpected tokens (expected: !docs, !decisions, group, container, description, tags, url, properties, perspectives, ->) at line 46 of /usr/local/structurizr/workspace.dsl: database = containerDb "Oracle Autonomous DB" "Stores users, projects, issues, sprints and KPI data." "Oracle ADB"
	at com.structurizr.dsl.StructurizrDslParser.parse(StructurizrDslParser.java:1369) ~[structurizr-dsl-6.2.1.jar!/:6.2.1]
	at com.structurizr.dsl.StructurizrDslParser.parse(StructurizrDslParser.java:188) ~[structurizr-dsl-6.2.1.jar!/:6.2.1]
	at com.structurizr.server.component.workspace.LocalFileSystemWorkspaceAdapter.loadWorkspaceFromDsl(LocalFileSystemWorkspaceAdapter.java:113) ~[!/:2026.05.22]
	at com.structurizr.server.component.workspace.LocalFileSystemWorkspaceAdapter.loadWorkspace(LocalFileSystemWorkspaceAdapter.java:68) ~[!/:2026.05.22]
	at com.structurizr.server.component.workspace.LocalFileSystemWorkspaceAdapter.getWorkspace(LocalFileSystemWorkspaceAdapter.java:151) ~[!/:2026.05.22]
	at com.structurizr.server.component.workspace.WorkspaceComponentImpl.getWorkspace(WorkspaceComponentImpl.java:206) ~[!/:2026.05.22]
	at com.structurizr.server.web.workspace.authenticated.InspectionsController.lambda$showAuthenticatedInspections$4(InspectionsController.java:43) ~[!/:2026.05.22]
	at com.structurizr.server.web.workspace.authenticated.AbstractWorkspaceController.showAuthenticatedView(AbstractWorkspaceController.java:69) ~[!/:2026.05.22]
	at com.structurizr.server.web.workspace.authenticated.InspectionsController.showAuthenticatedInspections(InspectionsController.java:39) ~[!/:2026.05.22]
	at java.base/jdk.internal.reflect.DirectMethodHandleAccessor.invoke(Unknown Source) ~[na:na]
	at java.base/java.lang.reflect.Method.invoke(Unknown Source) ~[na:na]
	at org.springframework.web.method.support.InvocableHandlerMethod.doInvoke(InvocableHandlerMethod.java:258) ~[spring-web-6.2.18.jar!/:6.2.18]
	at org.springframework.web.method.support.InvocableHandlerMethod.invokeForRequest(InvocableHandlerMethod.java:191) ~[spring-web-6.2.18.jar!/:6.2.18]
	at org.springframework.web.servlet.mvc.method.annotation.ServletInvocableHandlerMethod.invokeAndHandle(ServletInvocableHandlerMethod.java:118) ~[spring-webmvc-6.2.18.jar!/:6.2.18]
	at org.springframework.web.servlet.mvc.method.annotation.RequestMappingHandlerAdapter.invokeHandlerMethod(RequestMappingHandlerAdapter.java:991) ~[spring-webmvc-6.2.18.jar!/:6.2.18]
	at org.springframework.web.servlet.mvc.method.annotation.RequestMappingHandlerAdapter.handleInternal(RequestMappingHandlerAdapter.java:896) ~[spring-webmvc-6.2.18.jar!/:6.2.18]
	at org.springframework.web.servlet.mvc.method.AbstractHandlerMethodAdapter.handle(AbstractHandlerMethodAdapter.java:87) ~[spring-webmvc-6.2.18.jar!/:6.2.18]
	at org.springframework.web.servlet.DispatcherServlet.doDispatch(DispatcherServlet.java:1089) ~[spring-webmvc-6.2.18.jar!/:6.2.18]
	at org.springframework.web.servlet.DispatcherServlet.doService(DispatcherServlet.java:979) ~[spring-webmvc-6.2.18.jar!/:6.2.18]
	at org.springframework.web.servlet.FrameworkServlet.processRequest(FrameworkServlet.java:1014) ~[spring-webmvc-6.2.18.jar!/:6.2.18]
	at org.springframework.web.servlet.FrameworkServlet.doGet(FrameworkServlet.java:903) ~[spring-webmvc-6.2.18.jar!/:6.2.18]
	at jakarta.servlet.http.HttpServlet.service(HttpServlet.java:564) ~[tomcat-embed-core-10.1.55.jar!/:6.0.0]
	at org.springframework.web.servlet.FrameworkServlet.service(FrameworkServlet.java:885) ~[spring-webmvc-6.2.18.jar!/:6.2.18]
	at jakarta.servlet.http.HttpServlet.service(HttpServlet.java:658) ~[tomcat-embed-core-10.1.55.jar!/:6.0.0]
	at org.apache.catalina.core.ApplicationFilterChain.internalDoFilter(ApplicationFilterChain.java:193) ~[tomcat-embed-core-10.1.55.jar!/:na]
	at org.apache.catalina.core.ApplicationFilterChain.doFilter(ApplicationFilterChain.java:138) ~[tomcat-embed-core-10.1.55.jar!/:na]
	at org.apache.tomcat.websocket.server.WsFilter.doFilter(WsFilter.java:51) ~[tomcat-embed-websocket-10.1.54.jar!/:na]
	at org.apache.catalina.core.ApplicationFilterChain.internalDoFilter(ApplicationFilterChain.java:162) ~[tomcat-embed-core-10.1.55.jar!/:na]
	at org.apache.catalina.core.ApplicationFilterChain.doFilter(ApplicationFilterChain.java:138) ~[tomcat-embed-core-10.1.55.jar!/:na]
	at org.springframework.web.servlet.resource.ResourceUrlEncodingFilter.doFilter(ResourceUrlEncodingFilter.java:66) ~[spring-webmvc-6.2.18.jar!/:6.2.18]
	at org.apache.catalina.core.ApplicationFilterChain.internalDoFilter(ApplicationFilterChain.java:162) ~[tomcat-embed-core-10.1.55.jar!/:na]
	at org.apache.catalina.core.ApplicationFilterChain.doFilter(ApplicationFilterChain.java:138) ~[tomcat-embed-core-10.1.55.jar!/:na]
	at org.springframework.web.filter.CharacterEncodingFilter.doFilterInternal(CharacterEncodingFilter.java:201) ~[spring-web-6.2.18.jar!/:6.2.18]
	at org.springframework.web.filter.OncePerRequestFilter.doFilter(OncePerRequestFilter.java:116) ~[spring-web-6.2.18.jar!/:6.2.18]
	at org.apache.catalina.core.ApplicationFilterChain.internalDoFilter(ApplicationFilterChain.java:162) ~[tomcat-embed-core-10.1.55.jar!/:na]
	at org.apache.catalina.core.ApplicationFilterChain.doFilter(ApplicationFilterChain.java:138) ~[tomcat-embed-core-10.1.55.jar!/:na]
	at com.structurizr.server.web.configuration.LocalConfiguration$1.doFilter(LocalConfiguration.java:66) ~[!/:2026.05.22]
	at org.apache.catalina.core.ApplicationFilterChain.internalDoFilter(ApplicationFilterChain.java:162) ~[tomcat-embed-core-10.1.55.jar!/:na]
	at org.apache.catalina.core.ApplicationFilterChain.doFilter(ApplicationFilterChain.java:138) ~[tomcat-embed-core-10.1.55.jar!/:na]
	at org.springframework.web.filter.CompositeFilter$VirtualFilterChain.doFilter(CompositeFilter.java:108) ~[spring-web-6.2.18.jar!/:6.2.18]
	at org.springframework.web.filter.CompositeFilter$VirtualFilterChain.doFilter(CompositeFilter.java:108) ~[spring-web-6.2.18.jar!/:6.2.18]
	at org.springframework.security.web.FilterChainProxy.lambda$doFilterInternal$3(FilterChainProxy.java:231) ~[spring-security-web-6.5.10.jar!/:6.5.10]
	at org.springframework.security.web.FilterChainProxy$VirtualFilterChain.doFilter(FilterChainProxy.java:370) ~[spring-security-web-6.5.10.jar!/:6.5.10]
	at org.springframework.security.web.access.intercept.AuthorizationFilter.doFilter(AuthorizationFilter.java:101) ~[spring-security-web-6.5.10.jar!/:6.5.10]
	at org.springframework.security.web.FilterChainProxy$VirtualFilterChain.doFilter(FilterChainProxy.java:379) ~[spring-security-web-6.5.10.jar!/:6.5.10]
	at org.springframework.security.web.access.ExceptionTranslationFilter.doFilter(ExceptionTranslationFilter.java:125) ~[spring-security-web-6.5.10.jar!/:6.5.10]
	at org.springframework.security.web.access.ExceptionTranslationFilter.doFilter(ExceptionTranslationFilter.java:119) ~[spring-security-web-6.5.10.jar!/:6.5.10]
	at org.springframework.security.web.FilterChainProxy$VirtualFilterChain.doFilter(FilterChainProxy.java:379) ~[spring-security-web-6.5.10.jar!/:6.5.10]
	at org.springframework.security.web.authentication.AnonymousAuthenticationFilter.doFilter(AnonymousAuthenticationFilter.java:100) ~[spring-security-web-6.5.10.jar!/:6.5.10]
	at org.springframework.security.web.FilterChainProxy$VirtualFilterChain.doFilter(FilterChainProxy.java:379) ~[spring-security-web-6.5.10.jar!/:6.5.10]
	at org.springframework.security.web.servletapi.SecurityContextHolderAwareRequestFilter.doFilter(SecurityContextHolderAwareRequestFilter.java:179) ~[spring-security-web-6.5.10.jar!/:6.5.10]
	at org.springframework.security.web.FilterChainProxy$VirtualFilterChain.doFilter(FilterChainProxy.java:379) ~[spring-security-web-6.5.10.jar!/:6.5.10]
	at org.springframework.security.web.savedrequest.RequestCacheAwareFilter.doFilter(RequestCacheAwareFilter.java:63) ~[spring-security-web-6.5.10.jar!/:6.5.10]
	at org.springframework.security.web.FilterChainProxy$VirtualFilterChain.doFilter(FilterChainProxy.java:379) ~[spring-security-web-6.5.10.jar!/:6.5.10]
	at org.springframework.security.web.authentication.logout.LogoutFilter.doFilter(LogoutFilter.java:107) ~[spring-security-web-6.5.10.jar!/:6.5.10]
	at org.springframework.security.web.authentication.logout.LogoutFilter.doFilter(LogoutFilter.java:93) ~[spring-security-web-6.5.10.jar!/:6.5.10]
	at org.springframework.security.web.FilterChainProxy$VirtualFilterChain.doFilter(FilterChainProxy.java:379) ~[spring-security-web-6.5.10.jar!/:6.5.10]
	at org.springframework.security.web.header.HeaderWriterFilter.doHeadersAfter(HeaderWriterFilter.java:90) ~[spring-security-web-6.5.10.jar!/:6.5.10]
	at org.springframework.security.web.header.HeaderWriterFilter.doFilterInternal(HeaderWriterFilter.java:75) ~[spring-security-web-6.5.10.jar!/:6.5.10]
	at org.springframework.web.filter.OncePerRequestFilter.doFilter(OncePerRequestFilter.java:116) ~[spring-web-6.2.18.jar!/:6.2.18]
	at org.springframework.security.web.FilterChainProxy$VirtualFilterChain.doFilter(FilterChainProxy.java:379) ~[spring-security-web-6.5.10.jar!/:6.5.10]
	at org.springframework.security.web.context.SecurityContextHolderFilter.doFilter(SecurityContextHolderFilter.java:82) ~[spring-security-web-6.5.10.jar!/:6.5.10]
	at org.springframework.security.web.context.SecurityContextHolderFilter.doFilter(SecurityContextHolderFilter.java:69) ~[spring-security-web-6.5.10.jar!/:6.5.10]
	at org.springframework.security.web.FilterChainProxy$VirtualFilterChain.doFilter(FilterChainProxy.java:379) ~[spring-security-web-6.5.10.jar!/:6.5.10]
	at org.springframework.security.web.context.request.async.WebAsyncManagerIntegrationFilter.doFilterInternal(WebAsyncManagerIntegrationFilter.java:62) ~[spring-security-web-6.5.10.jar!/:6.5.10]
	at org.springframework.web.filter.OncePerRequestFilter.doFilter(OncePerRequestFilter.java:116) ~[spring-web-6.2.18.jar!/:6.2.18]
	at org.springframework.security.web.FilterChainProxy$VirtualFilterChain.doFilter(FilterChainProxy.java:379) ~[spring-security-web-6.5.10.jar!/:6.5.10]
	at org.springframework.security.web.session.DisableEncodeUrlFilter.doFilterInternal(DisableEncodeUrlFilter.java:42) ~[spring-security-web-6.5.10.jar!/:6.5.10]
	at org.springframework.web.filter.OncePerRequestFilter.doFilter(OncePerRequestFilter.java:116) ~[spring-web-6.2.18.jar!/:6.2.18]
	at org.springframework.security.web.FilterChainProxy$VirtualFilterChain.doFilter(FilterChainProxy.java:379) ~[spring-security-web-6.5.10.jar!/:6.5.10]
	at org.springframework.security.web.FilterChainProxy.doFilterInternal(FilterChainProxy.java:233) ~[spring-security-web-6.5.10.jar!/:6.5.10]
	at org.springframework.security.web.FilterChainProxy.doFilter(FilterChainProxy.java:191) ~[spring-security-web-6.5.10.jar!/:6.5.10]
	at org.springframework.web.filter.CompositeFilter$VirtualFilterChain.doFilter(CompositeFilter.java:113) ~[spring-web-6.2.18.jar!/:6.2.18]
	at org.springframework.web.filter.ServletRequestPathFilter.doFilter(ServletRequestPathFilter.java:52) ~[spring-web-6.2.18.jar!/:6.2.18]
	at org.springframework.web.filter.CompositeFilter$VirtualFilterChain.doFilter(CompositeFilter.java:113) ~[spring-web-6.2.18.jar!/:6.2.18]
	at org.springframework.web.filter.CompositeFilter.doFilter(CompositeFilter.java:74) ~[spring-web-6.2.18.jar!/:6.2.18]
	at org.springframework.security.config.annotation.web.configuration.WebSecurityConfiguration$CompositeFilterChainProxy.doFilter(WebSecurityConfiguration.java:319) ~[spring-security-config-6.5.10.jar!/:6.5.10]
	at org.springframework.web.filter.CompositeFilter$VirtualFilterChain.doFilter(CompositeFilter.java:113) ~[spring-web-6.2.18.jar!/:6.2.18]
	at org.springframework.web.servlet.handler.HandlerMappingIntrospector.lambda$createCacheFilter$4(HandlerMappingIntrospector.java:267) ~[spring-webmvc-6.2.18.jar!/:6.2.18]
	at org.springframework.web.filter.CompositeFilter$VirtualFilterChain.doFilter(CompositeFilter.java:113) ~[spring-web-6.2.18.jar!/:6.2.18]
	at org.springframework.web.filter.CompositeFilter.doFilter(CompositeFilter.java:74) ~[spring-web-6.2.18.jar!/:6.2.18]
	at org.springframework.security.config.annotation.web.configuration.WebMvcSecurityConfiguration$CompositeFilterChainProxy.doFilter(WebMvcSecurityConfiguration.java:240) ~[spring-security-config-6.5.10.jar!/:6.5.10]
	at org.springframework.web.filter.DelegatingFilterProxy.invokeDelegate(DelegatingFilterProxy.java:362) ~[spring-web-6.2.18.jar!/:6.2.18]
	at org.springframework.web.filter.DelegatingFilterProxy.doFilter(DelegatingFilterProxy.java:278) ~[spring-web-6.2.18.jar!/:6.2.18]
	at org.apache.catalina.core.ApplicationFilterChain.internalDoFilter(ApplicationFilterChain.java:162) ~[tomcat-embed-core-10.1.55.jar!/:na]
	at org.apache.catalina.core.ApplicationFilterChain.doFilter(ApplicationFilterChain.java:138) ~[tomcat-embed-core-10.1.55.jar!/:na]
	at org.springframework.web.filter.RequestContextFilter.doFilterInternal(RequestContextFilter.java:100) ~[spring-web-6.2.18.jar!/:6.2.18]
	at org.springframework.web.filter.OncePerRequestFilter.doFilter(OncePerRequestFilter.java:116) ~[spring-web-6.2.18.jar!/:6.2.18]
	at org.apache.catalina.core.ApplicationFilterChain.internalDoFilter(ApplicationFilterChain.java:162) ~[tomcat-embed-core-10.1.55.jar!/:na]
	at org.apache.catalina.core.ApplicationFilterChain.doFilter(ApplicationFilterChain.java:138) ~[tomcat-embed-core-10.1.55.jar!/:na]
	at org.springframework.web.filter.FormContentFilter.doFilterInternal(FormContentFilter.java:93) ~[spring-web-6.2.18.jar!/:6.2.18]
	at org.springframework.web.filter.OncePerRequestFilter.doFilter(OncePerRequestFilter.java:116) ~[spring-web-6.2.18.jar!/:6.2.18]
	at org.apache.catalina.core.ApplicationFilterChain.internalDoFilter(ApplicationFilterChain.java:162) ~[tomcat-embed-core-10.1.55.jar!/:na]
	at org.apache.catalina.core.ApplicationFilterChain.doFilter(ApplicationFilterChain.java:138) ~[tomcat-embed-core-10.1.55.jar!/:na]
	at org.springframework.web.filter.CharacterEncodingFilter.doFilterInternal(CharacterEncodingFilter.java:201) ~[spring-web-6.2.18.jar!/:6.2.18]
	at org.springframework.web.filter.OncePerRequestFilter.doFilter(OncePerRequestFilter.java:116) ~[spring-web-6.2.18.jar!/:6.2.18]
	at org.apache.catalina.core.ApplicationFilterChain.internalDoFilter(ApplicationFilterChain.java:162) ~[tomcat-embed-core-10.1.55.jar!/:na]
	at org.apache.catalina.core.ApplicationFilterChain.doFilter(ApplicationFilterChain.java:138) ~[tomcat-embed-core-10.1.55.jar!/:na]
	at org.apache.catalina.core.StandardWrapperValve.invoke(StandardWrapperValve.java:165) ~[tomcat-embed-core-10.1.55.jar!/:na]
	at org.apache.catalina.core.StandardContextValve.invoke(StandardContextValve.java:88) ~[tomcat-embed-core-10.1.55.jar!/:na]
	at org.apache.catalina.authenticator.AuthenticatorBase.invoke(AuthenticatorBase.java:492) ~[tomcat-embed-core-10.1.55.jar!/:na]
	at org.apache.catalina.core.StandardHostValve.invoke(StandardHostValve.java:113) ~[tomcat-embed-core-10.1.55.jar!/:na]
	at org.apache.catalina.valves.ErrorReportValve.invoke(ErrorReportValve.java:83) ~[tomcat-embed-core-10.1.55.jar!/:na]
	at org.apache.catalina.core.StandardEngineValve.invoke(StandardEngineValve.java:72) ~[tomcat-embed-core-10.1.55.jar!/:na]
	at org.apache.catalina.connector.CoyoteAdapter.service(CoyoteAdapter.java:342) ~[tomcat-embed-core-10.1.55.jar!/:na]
	at org.apache.coyote.http11.Http11Processor.service(Http11Processor.java:399) ~[tomcat-embed-core-10.1.55.jar!/:na]
	at org.apache.coyote.AbstractProcessorLight.process(AbstractProcessorLight.java:63) ~[tomcat-embed-core-10.1.55.jar!/:na]
	at org.apache.coyote.AbstractProtocol$ConnectionHandler.process(AbstractProtocol.java:1272) ~[tomcat-embed-core-10.1.55.jar!/:na]
	at org.apache.tomcat.util.net.NioEndpoint$SocketProcessor.doRun(NioEndpoint.java:1797) ~[tomcat-embed-core-10.1.55.jar!/:na]
	at org.apache.tomcat.util.net.SocketProcessorBase.run(SocketProcessorBase.java:52) ~[tomcat-embed-core-10.1.55.jar!/:na]
	at org.apache.tomcat.util.threads.ThreadPoolExecutor.runWorker(ThreadPoolExecutor.java:973) ~[tomcat-embed-core-10.1.55.jar!/:na]
	at org.apache.tomcat.util.threads.ThreadPoolExecutor$Worker.run(ThreadPoolExecutor.java:491) ~[tomcat-embed-core-10.1.55.jar!/:na]
	at org.apache.tomcat.util.threads.TaskThread$WrappingRunnable.run(TaskThread.java:63) ~[tomcat-embed-core-10.1.55.jar!/:na]
	at java.base/java.lang.Thread.run(Unknown Source) ~[na:na]

2026-06-13T03:20:33.214Z ERROR 1 --- [http-nio-8080-exec-4] c.s.s.w.a.AbstractWorkspaceApiController : com.structurizr.server.component.workspace.WorkspaceComponentException: com.structurizr.dsl.StructurizrDslParserException: Unexpected tokens (expected: !docs, !decisions, group, container, description, tags, url, properties, perspectives, ->) at line 46 of /usr/local/structurizr/workspace.dsl: database = containerDb "Oracle Autonomous DB" "Stores users, projects, issues, sprints and KPI data." "Oracle ADB"
2026-06-13T03:21:18.641Z  INFO 1 --- [SpringApplicationShutdownHook] com.structurizr.server.AbstractServer    : ********************************************************
2026-06-13T03:21:18.641Z  INFO 1 --- [SpringApplicationShutdownHook] com.structurizr.server.AbstractServer    :  Stopping Structurizr
2026-06-13T03:21:18.642Z  INFO 1 --- [SpringApplicationShutdownHook] com.structurizr.server.AbstractServer    : ********************************************************
2026-06-13T03:21:22.293Z  INFO 1 --- [main] com.structurizr.server.Local             : ***********************************************************************************
2026-06-13T03:21:22.294Z  INFO 1 --- [main] com.structurizr.server.Local             :   _____ _                   _              _          
2026-06-13T03:21:22.294Z  INFO 1 --- [main] com.structurizr.server.Local             :  / ____| |                 | |            (_)         
2026-06-13T03:21:22.294Z  INFO 1 --- [main] com.structurizr.server.Local             : | (___ | |_ _ __ _   _  ___| |_ _   _ _ __ _ _____ __ 
2026-06-13T03:21:22.294Z  INFO 1 --- [main] com.structurizr.server.Local             :  \___ \| __| '__| | | |/ __| __| | | | '__| |_  / '__|
2026-06-13T03:21:22.294Z  INFO 1 --- [main] com.structurizr.server.Local             :  ____) | |_| |  | |_| | (__| |_| |_| | |  | |/ /| |   
2026-06-13T03:21:22.294Z  INFO 1 --- [main] com.structurizr.server.Local             : |_____/ \__|_|   \__,_|\___|\__|\__,_|_|  |_/___|_|   
2026-06-13T03:21:22.295Z  INFO 1 --- [main] com.structurizr.server.Local             :                                                       
2026-06-13T03:21:22.295Z  INFO 1 --- [main] com.structurizr.server.Local             : Local v2026.05.22
2026-06-13T03:21:22.295Z  INFO 1 --- [main] com.structurizr.server.Local             : ***********************************************************************************
2026-06-13T03:21:22.295Z  INFO 1 --- [main] com.structurizr.server.Local             :  - structurizr.authentication: none
2026-06-13T03:21:22.297Z  INFO 1 --- [main] com.structurizr.server.Local             :  - structurizr.autorefreshinterval: 0
2026-06-13T03:21:22.297Z  INFO 1 --- [main] com.structurizr.server.Local             :  - structurizr.autosaveinterval: 5000
2026-06-13T03:21:22.297Z  INFO 1 --- [main] com.structurizr.server.Local             :  - structurizr.cache: none
2026-06-13T03:21:22.298Z  INFO 1 --- [main] com.structurizr.server.Local             :  - structurizr.data: file
2026-06-13T03:21:22.298Z  INFO 1 --- [main] com.structurizr.server.Local             :  - structurizr.datadirectory: /usr/local/structurizr
2026-06-13T03:21:22.298Z  INFO 1 --- [main] com.structurizr.server.Local             :  - structurizr.debug: false
2026-06-13T03:21:22.298Z  INFO 1 --- [main] com.structurizr.server.Local             :  - structurizr.editable: true
2026-06-13T03:21:22.298Z  INFO 1 --- [main] com.structurizr.server.Local             :  - structurizr.logging.filename: /usr/local/structurizr/.structurizr/logs/structurizr.log
2026-06-13T03:21:22.298Z  INFO 1 --- [main] com.structurizr.server.Local             :  - structurizr.network.timeout: 60000
2026-06-13T03:21:22.299Z  INFO 1 --- [main] com.structurizr.server.Local             :  - structurizr.network.urls.allowed: .*
2026-06-13T03:21:22.299Z  INFO 1 --- [main] com.structurizr.server.Local             :  - structurizr.search: lucene
2026-06-13T03:21:22.299Z  INFO 1 --- [main] com.structurizr.server.Local             :  - structurizr.themes: /usr/local/structurizr/themes/
2026-06-13T03:21:22.299Z  INFO 1 --- [main] com.structurizr.server.Local             :  - structurizr.workspace.maxsize: 1MB
2026-06-13T03:21:22.299Z  INFO 1 --- [main] com.structurizr.server.Local             :  - structurizr.workspace.threads: 10
2026-06-13T03:21:22.299Z  INFO 1 --- [main] com.structurizr.server.Local             :  - structurizr.workspaces: 1
2026-06-13T03:21:22.300Z  INFO 1 --- [main] com.structurizr.server.Local             : ***********************************************************************************
2026-06-13T03:21:22.300Z  INFO 1 --- [main] com.structurizr.server.Local             : Themes:
2026-06-13T03:21:22.300Z  INFO 1 --- [main] com.structurizr.server.Local             : ***********************************************************************************
2026-06-13T03:35:30.985Z  INFO 1 --- [SpringApplicationShutdownHook] com.structurizr.server.AbstractServer    : ********************************************************
2026-06-13T03:35:30.986Z  INFO 1 --- [SpringApplicationShutdownHook] com.structurizr.server.AbstractServer    :  Stopping Structurizr
2026-06-13T03:35:30.986Z  INFO 1 --- [SpringApplicationShutdownHook] com.structurizr.server.AbstractServer    : ********************************************************
2026-06-13T03:35:32.923Z  INFO 1 --- [main] com.structurizr.server.Local             : ***********************************************************************************
2026-06-13T03:35:32.925Z  INFO 1 --- [main] com.structurizr.server.Local             :   _____ _                   _              _          
2026-06-13T03:35:32.925Z  INFO 1 --- [main] com.structurizr.server.Local             :  / ____| |                 | |            (_)         
2026-06-13T03:35:32.925Z  INFO 1 --- [main] com.structurizr.server.Local             : | (___ | |_ _ __ _   _  ___| |_ _   _ _ __ _ _____ __ 
2026-06-13T03:35:32.926Z  INFO 1 --- [main] com.structurizr.server.Local             :  \___ \| __| '__| | | |/ __| __| | | | '__| |_  / '__|
2026-06-13T03:35:32.926Z  INFO 1 --- [main] com.structurizr.server.Local             :  ____) | |_| |  | |_| | (__| |_| |_| | |  | |/ /| |   
2026-06-13T03:35:32.926Z  INFO 1 --- [main] com.structurizr.server.Local             : |_____/ \__|_|   \__,_|\___|\__|\__,_|_|  |_/___|_|   
2026-06-13T03:35:32.926Z  INFO 1 --- [main] com.structurizr.server.Local             :                                                       
2026-06-13T03:35:32.927Z  INFO 1 --- [main] com.structurizr.server.Local             : Local v2026.05.22
2026-06-13T03:35:32.927Z  INFO 1 --- [main] com.structurizr.server.Local             : ***********************************************************************************
2026-06-13T03:35:32.927Z  INFO 1 --- [main] com.structurizr.server.Local             :  - structurizr.authentication: none
2026-06-13T03:35:32.927Z  INFO 1 --- [main] com.structurizr.server.Local             :  - structurizr.autorefreshinterval: 0
2026-06-13T03:35:32.928Z  INFO 1 --- [main] com.structurizr.server.Local             :  - structurizr.autosaveinterval: 5000
2026-06-13T03:35:32.928Z  INFO 1 --- [main] com.structurizr.server.Local             :  - structurizr.cache: none
2026-06-13T03:35:32.928Z  INFO 1 --- [main] com.structurizr.server.Local             :  - structurizr.data: file
2026-06-13T03:35:32.928Z  INFO 1 --- [main] com.structurizr.server.Local             :  - structurizr.datadirectory: /usr/local/structurizr
2026-06-13T03:35:32.928Z  INFO 1 --- [main] com.structurizr.server.Local             :  - structurizr.debug: false
2026-06-13T03:35:32.928Z  INFO 1 --- [main] com.structurizr.server.Local             :  - structurizr.editable: true
2026-06-13T03:35:32.929Z  INFO 1 --- [main] com.structurizr.server.Local             :  - structurizr.logging.filename: /usr/local/structurizr/.structurizr/logs/structurizr.log
2026-06-13T03:35:32.929Z  INFO 1 --- [main] com.structurizr.server.Local             :  - structurizr.network.timeout: 60000
2026-06-13T03:35:32.929Z  INFO 1 --- [main] com.structurizr.server.Local             :  - structurizr.network.urls.allowed: .*
2026-06-13T03:35:32.929Z  INFO 1 --- [main] com.structurizr.server.Local             :  - structurizr.search: lucene
2026-06-13T03:35:32.929Z  INFO 1 --- [main] com.structurizr.server.Local             :  - structurizr.themes: /usr/local/structurizr/themes/
2026-06-13T03:35:32.930Z  INFO 1 --- [main] com.structurizr.server.Local             :  - structurizr.workspace.maxsize: 1MB
2026-06-13T03:35:32.930Z  INFO 1 --- [main] com.structurizr.server.Local             :  - structurizr.workspace.threads: 10
2026-06-13T03:35:32.930Z  INFO 1 --- [main] com.structurizr.server.Local             :  - structurizr.workspaces: 1
2026-06-13T03:35:32.930Z  INFO 1 --- [main] com.structurizr.server.Local             : ***********************************************************************************
2026-06-13T03:35:32.930Z  INFO 1 --- [main] com.structurizr.server.Local             : Themes:
2026-06-13T03:35:32.931Z  INFO 1 --- [main] com.structurizr.server.Local             : ***********************************************************************************
2026-06-13T03:47:12.770Z  INFO 1 --- [SpringApplicationShutdownHook] com.structurizr.server.AbstractServer    : ********************************************************
2026-06-13T03:47:12.771Z  INFO 1 --- [SpringApplicationShutdownHook] com.structurizr.server.AbstractServer    :  Stopping Structurizr
2026-06-13T03:47:12.771Z  INFO 1 --- [SpringApplicationShutdownHook] com.structurizr.server.AbstractServer    : ********************************************************
2026-06-13T03:47:14.788Z  INFO 1 --- [main] com.structurizr.server.Local             : ***********************************************************************************
2026-06-13T03:47:14.790Z  INFO 1 --- [main] com.structurizr.server.Local             :   _____ _                   _              _          
2026-06-13T03:47:14.790Z  INFO 1 --- [main] com.structurizr.server.Local             :  / ____| |                 | |            (_)         
2026-06-13T03:47:14.790Z  INFO 1 --- [main] com.structurizr.server.Local             : | (___ | |_ _ __ _   _  ___| |_ _   _ _ __ _ _____ __ 
2026-06-13T03:47:14.790Z  INFO 1 --- [main] com.structurizr.server.Local             :  \___ \| __| '__| | | |/ __| __| | | | '__| |_  / '__|
2026-06-13T03:47:14.790Z  INFO 1 --- [main] com.structurizr.server.Local             :  ____) | |_| |  | |_| | (__| |_| |_| | |  | |/ /| |   
2026-06-13T03:47:14.791Z  INFO 1 --- [main] com.structurizr.server.Local             : |_____/ \__|_|   \__,_|\___|\__|\__,_|_|  |_/___|_|   
2026-06-13T03:47:14.791Z  INFO 1 --- [main] com.structurizr.server.Local             :                                                       
2026-06-13T03:47:14.791Z  INFO 1 --- [main] com.structurizr.server.Local             : Local v2026.05.22
2026-06-13T03:47:14.792Z  INFO 1 --- [main] com.structurizr.server.Local             : ***********************************************************************************
2026-06-13T03:47:14.792Z  INFO 1 --- [main] com.structurizr.server.Local             :  - structurizr.authentication: none
2026-06-13T03:47:14.792Z  INFO 1 --- [main] com.structurizr.server.Local             :  - structurizr.autorefreshinterval: 0
2026-06-13T03:47:14.793Z  INFO 1 --- [main] com.structurizr.server.Local             :  - structurizr.autosaveinterval: 5000
2026-06-13T03:47:14.793Z  INFO 1 --- [main] com.structurizr.server.Local             :  - structurizr.cache: none
2026-06-13T03:47:14.793Z  INFO 1 --- [main] com.structurizr.server.Local             :  - structurizr.data: file
2026-06-13T03:47:14.793Z  INFO 1 --- [main] com.structurizr.server.Local             :  - structurizr.datadirectory: /usr/local/structurizr
2026-06-13T03:47:14.793Z  INFO 1 --- [main] com.structurizr.server.Local             :  - structurizr.debug: false
2026-06-13T03:47:14.794Z  INFO 1 --- [main] com.structurizr.server.Local             :  - structurizr.editable: true
2026-06-13T03:47:14.794Z  INFO 1 --- [main] com.structurizr.server.Local             :  - structurizr.logging.filename: /usr/local/structurizr/.structurizr/logs/structurizr.log
2026-06-13T03:47:14.794Z  INFO 1 --- [main] com.structurizr.server.Local             :  - structurizr.network.timeout: 60000
2026-06-13T03:47:14.794Z  INFO 1 --- [main] com.structurizr.server.Local             :  - structurizr.network.urls.allowed: .*
2026-06-13T03:47:14.794Z  INFO 1 --- [main] com.structurizr.server.Local             :  - structurizr.search: lucene
2026-06-13T03:47:14.795Z  INFO 1 --- [main] com.structurizr.server.Local             :  - structurizr.themes: /usr/local/structurizr/themes/
2026-06-13T03:47:14.795Z  INFO 1 --- [main] com.structurizr.server.Local             :  - structurizr.workspace.maxsize: 1MB
2026-06-13T03:47:14.795Z  INFO 1 --- [main] com.structurizr.server.Local             :  - structurizr.workspace.threads: 10
2026-06-13T03:47:14.795Z  INFO 1 --- [main] com.structurizr.server.Local             :  - structurizr.workspaces: 1
2026-06-13T03:47:14.795Z  INFO 1 --- [main] com.structurizr.server.Local             : ***********************************************************************************
2026-06-13T03:47:14.795Z  INFO 1 --- [main] com.structurizr.server.Local             : Themes:
2026-06-13T03:47:14.796Z  INFO 1 --- [main] com.structurizr.server.Local             : ***********************************************************************************
